// Jest Snapshot v1, https://goo.gl/fbAQLP

exports[`objToDotenv transform json into dotenv style key-value content 1`] = `
"id=1
foo=bar
"
`;
